// Jest Snapshot v1, https://goo.gl/fbAQLP

exports[`Button Match Snapshot 1`] = `
<View
  accessibilityState={
    {
      "busy": undefined,
      "checked": undefined,
      "disabled": undefined,
      "expanded": undefined,
      "selected": undefined,
    }
  }
  accessibilityValue={
    {
      "max": undefined,
      "min": undefined,
      "now": undefined,
      "text": undefined,
    }
  }
  accessible={true}
  collapsable={false}
  focusable={true}
  onBlur={[Function]}
  onClick={[Function]}
  onFocus={[Function]}
  onResponderGrant={[Function]}
  onResponderMove={[Function]}
  onResponderRelease={[Function]}
  onResponderTerminate={[Function]}
  onResponderTerminationRequest={[Function]}
  onStartShouldSetResponder={[Function]}
  style={
    [
      {
        "borderColor": "black",
        "borderRadius": 10,
        "borderWidth": 1,
        "elevation": 5,
        "padding": 10,
        "shadowColor": "#000",
        "shadowOffset": {
          "height": 2,
          "width": 0,
        },
        "shadowOpacity": 0.25,
        "shadowRadius": 4,
      },
      undefined,
    ]
  }
>
  <Text
    style={
      [
        {
          "fontSize": 16,
          "textAlign": "center",
        },
        undefined,
      ]
    }
  >
    Test Button
  </Text>
</View>
`;
